
  .   ____          _            __ _ _
 /\\ / ___'_ __ _ _(_)_ __  __ _ \ \ \ \
( ( )\___ | '_ | '_| | '_ \/ _` | \ \ \ \
 \\/  ___)| |_)| | | | | || (_| |  ) ) ) )
  '  |____| .__|_| |_|_| |_\__, | / / / /
 =========|_|==============|___/=/_/_/_/
 :: Spring Boot ::                (v3.2.5)

2026-06-10T13:59:21.188+05:30  INFO 25615 --- [uam-backend] [           main] com.uam.UamApplication                   : Starting UamApplication v1.0.0 using Java 17.0.18 with PID 25615 (/Users/mac/Desktop/UAM/backend/target/uam-backend-1.0.0.jar started by mac in /Users/mac/Desktop/UAM/backend)
2026-06-10T13:59:21.190+05:30  INFO 25615 --- [uam-backend] [           main] com.uam.UamApplication                   : No active profile set, falling back to 1 default profile: "default"
2026-06-10T13:59:22.012+05:30  INFO 25615 --- [uam-backend] [           main] .s.d.r.c.RepositoryConfigurationDelegate : Bootstrapping Spring Data JPA repositories in DEFAULT mode.
2026-06-10T13:59:22.050+05:30  INFO 25615 --- [uam-backend] [           main] .s.d.r.c.RepositoryConfigurationDelegate : Finished Spring Data repository scanning in 33 ms. Found 7 JPA repository interfaces.
2026-06-10T13:59:22.626+05:30  INFO 25615 --- [uam-backend] [           main] o.s.b.w.embedded.tomcat.TomcatWebServer  : Tomcat initialized with port 8080 (http)
2026-06-10T13:59:22.633+05:30  INFO 25615 --- [uam-backend] [           main] o.apache.catalina.core.StandardService   : Starting service [Tomcat]
2026-06-10T13:59:22.633+05:30  INFO 25615 --- [uam-backend] [           main] o.apache.catalina.core.StandardEngine    : Starting Servlet engine: [Apache Tomcat/10.1.20]
2026-06-10T13:59:22.665+05:30  INFO 25615 --- [uam-backend] [           main] o.a.c.c.C.[Tomcat].[localhost].[/]       : Initializing Spring embedded WebApplicationContext
2026-06-10T13:59:22.666+05:30  INFO 25615 --- [uam-backend] [           main] w.s.c.ServletWebServerApplicationContext : Root WebApplicationContext: initialization completed in 1428 ms
2026-06-10T13:59:22.833+05:30  INFO 25615 --- [uam-backend] [           main] o.hibernate.jpa.internal.util.LogHelper  : HHH000204: Processing PersistenceUnitInfo [name: default]
2026-06-10T13:59:22.886+05:30  INFO 25615 --- [uam-backend] [           main] org.hibernate.Version                    : HHH000412: Hibernate ORM core version 6.4.4.Final
2026-06-10T13:59:22.906+05:30  INFO 25615 --- [uam-backend] [           main] o.h.c.internal.RegionFactoryInitiator    : HHH000026: Second-level cache disabled
2026-06-10T13:59:23.040+05:30  INFO 25615 --- [uam-backend] [           main] o.s.o.j.p.SpringPersistenceUnitInfo      : No LoadTimeWeaver setup: ignoring JPA class transformer
2026-06-10T13:59:23.059+05:30  INFO 25615 --- [uam-backend] [           main] com.zaxxer.hikari.HikariDataSource       : HikariPool-1 - Starting...
2026-06-10T13:59:23.671+05:30  INFO 25615 --- [uam-backend] [           main] com.zaxxer.hikari.pool.HikariPool        : HikariPool-1 - Added connection org.sqlite.jdbc4.JDBC4Connection@2a661215
2026-06-10T13:59:23.673+05:30  INFO 25615 --- [uam-backend] [           main] com.zaxxer.hikari.HikariDataSource       : HikariPool-1 - Start completed.
2026-06-10T13:59:24.276+05:30  INFO 25615 --- [uam-backend] [           main] o.h.e.t.j.p.i.JtaPlatformInitiator       : HHH000489: No JTA platform available (set 'hibernate.transaction.jta.platform' to enable JTA platform integration)
2026-06-10T13:59:24.298+05:30  INFO 25615 --- [uam-backend] [           main] j.LocalContainerEntityManagerFactoryBean : Initialized JPA EntityManagerFactory for persistence unit 'default'
2026-06-10T13:59:24.528+05:30  INFO 25615 --- [uam-backend] [           main] o.s.d.j.r.query.QueryEnhancerFactory     : Hibernate is in classpath; If applicable, HQL parser will be used.
2026-06-10T13:59:25.479+05:30  INFO 25615 --- [uam-backend] [           main] o.s.b.a.e.web.EndpointLinksResolver      : Exposing 3 endpoint(s) beneath base path '/actuator'
2026-06-10T13:59:25.828+05:30  INFO 25615 --- [uam-backend] [           main] o.s.b.w.embedded.tomcat.TomcatWebServer  : Tomcat started on port 8080 (http) with context path ''
2026-06-10T13:59:25.839+05:30  INFO 25615 --- [uam-backend] [           main] com.uam.UamApplication                   : Started UamApplication in 4.909 seconds (process running for 5.281)
2026-06-10T13:59:25.898+05:30  INFO 25615 --- [uam-backend] [           main] com.uam.config.DataInitializer           : Database already seeded — skipping DataInitializer.
2026-06-10T13:59:26.688+05:30  INFO 25615 --- [uam-backend] [nio-8080-exec-1] o.a.c.c.C.[Tomcat].[localhost].[/]       : Initializing Spring DispatcherServlet 'dispatcherServlet'
2026-06-10T13:59:26.688+05:30  INFO 25615 --- [uam-backend] [nio-8080-exec-1] o.s.web.servlet.DispatcherServlet        : Initializing Servlet 'dispatcherServlet'
2026-06-10T13:59:26.689+05:30  INFO 25615 --- [uam-backend] [nio-8080-exec-1] o.s.web.servlet.DispatcherServlet        : Completed initialization in 1 ms
2026-06-10T14:00:06.331+05:30  INFO 25615 --- [uam-backend] [nio-8080-exec-3] o.springdoc.api.AbstractOpenApiResource  : Init duration for springdoc-openapi is: 1656 ms
